[kentures.de/index.html]
[kentures.de/extras/custom/TMX5423931590666549/images/favicon/favicon.ico]
[backblue.gif]
[fade.gif]
[index.html]
[kentures.de/extras/system/library/javascript/jquery-2.1.1.min.js]
[kentures.de/extras/system/template_list/template_v3/images/index.html]
[connect.facebook.net/en_US/sdk.js]
[kentures.de/extras/system/template_list/template_v3/images/loader_v3.gif]
[kentures.de/index.php/terms-conditions.html]
[kentures.de/extras/custom/TMX5423931590666549/images/mobile_logo.png]
[kentures.de/extras/custom/TMX5423931590666549/images/TMX3372451534825527logo.png]
[kentures.de/index.php/general/index/flights87d5.html]
[kentures.de/index.php/general/index/hotelsd498.html]
[kentures.de/index.php/general/index/holidays2c01.html]
[kentures.de/index.php/utilities/set_preferred_currency/AED.json]
[kentures.de/index.php/utilities/set_preferred_currency/AUD.json]
[kentures.de/index.php/utilities/set_preferred_currency/EUR.json]
[kentures.de/index.php/utilities/set_preferred_currency/GBP.json]
[kentures.de/index.php/utilities/set_preferred_currency/INR.json]
[kentures.de/index.php/utilities/set_preferred_currency/KWD.json]
[kentures.de/index.php/utilities/set_preferred_currency/NGN.json]
[kentures.de/index.php/utilities/set_preferred_currency/SAR.json]
[kentures.de/index.php/utilities/set_preferred_currency/USD.json]
[cdnjs.cloudflare.com/ajax/libs/select2/4.0.1/css/select2.min.css]
[cdnjs.cloudflare.com/ajax/libs/select2/4.0.1/js/select2.min.js]
[kentures.de/extras/custom/TMX5423931590666549/images/top-dest-hotel-18763.png]
[kentures.de/extras/custom/TMX5423931590666549/images/top-dest-hotel-35961.png]
[kentures.de/extras/custom/TMX5423931590666549/uploads/packages/Kashmir-pkg.jpg]
[kentures.de/extras/system/template_list/template_v3/images/star_rating.png]
[kentures.de/index.php/tours/details/139.html]
[kentures.de/extras/custom/TMX5423931590666549/uploads/packages/singapore (1).jpg]
[kentures.de/index.php/tours/details/142.html]
[kentures.de/extras/custom/TMX5423931590666549/uploads/packages/spring-in-thailand-a52bcb10742b0e8f9aa713ec8fa026a3.jpg]
[kentures.de/extras/custom/TMX5423931590666549/uploads/packages/superthumb1.jpg]
[kentures.de/index.php/tours/details/145.html]
[kentures.de/index.php/tours/details/146.html]
[kentures.de/extras/custom/TMX5423931590666549/uploads/packages/Lalbagh-Bangalore.jpg]
[kentures.de/index.php/tours/details/147.html]
[kentures.de/extras/custom/TMX5423931590666549/uploads/packages/detail_gal_1.jpg]
[kentures.de/index.php/tours/details/201.html]
[kentures.de/extras/custom/TMX5423931590666549/uploads/packages/Tulips.jpg]
[kentures.de/index.php/tours/details/209.html]
[kentures.de/extras/custom/TMX5423931590666549/uploads/packages/unnamed (5).jpg]
[kentures.de/index.php/tours/details/210.html]
[kentures.de/extras/system/template_list/template_v3/images/e_mail.png]
[kentures.de/index.php/contact-us.html]
[kentures.de/index.php/company.html]
[kentures.de/index.php/testimonials.html]
[kentures.de/index.php/report/print_voucher.html]
[kentures.de/index.php/privacy-policy.html]
[kentures.de/index.php/user-agreement.html]
[kentures.de/extras/system/template_list/template_v3/images/payment.png]
[apis.google.com/js/platform.js]
[kentures.de/extras/system/library/javascript/jquery-ui.min.js]
[kentures.de/extras/system/library/datetimepicker/jquery.datetimepicker.js]
[kentures.de/extras/system/template_list/template_v3/javascript/general.js]
[kentures.de/extras/system/template_list/template_v3/javascript/owl.carousel.min.js]
[kentures.de/extras/system/template_list/template_v1/javascript/backslider.js]
[kentures.de/extras/system/template_list/template_v3/javascript/page_resource/index.js]
[kentures.de/extras/system/template_list/template_v3/javascript/page_resource/pax_count.js]
[kentures.de/extras/system/template_list/template_v3/javascript/page_resource/flight_suggest.js]
[kentures.de/extras/system/template_list/template_v3/javascript/page_resource/hotel_suggest.js]
[kentures.de/extras/system/library/javascript/jquery.lazy.min.js]
[kentures.de/extras/system/library/bootstrap/js/bootstrap.min.js]
[kentures.de/extras/system/library/javascript/app.js]
[kentures.de/extras/system/template_list/template_v3/javascript/javascript.js]
[kentures.de/extras/system/template_list/template_v3/javascript/page_resource/login.js]
[kentures.de/extras/system/template_list/template_v1/javascript/page_resource/datepicker.js]
[kentures.de/extras/system/template_list/template_v1/javascript/page_resource/page_loader_common.js]
[kentures.de/extras/system/template_list/template_v3/javascript/modernizr.custom.js]
[kentures.de/index.html]
[kentures.de/extras/system/library/bootstrap/webfonts/fa-brands-400.eot]
[kentures.de/extras/system/library/bootstrap/webfonts/fa-brands-400d41d.eot]
[kentures.de/extras/system/library/bootstrap/webfonts/fa-brands-400.woff]
[kentures.de/extras/system/library/bootstrap/webfonts/fa-brands-400.ttf]
[kentures.de/extras/system/library/bootstrap/webfonts/fa-light-300.eot]
[kentures.de/extras/system/library/bootstrap/webfonts/fa-light-300d41d.eot]
[kentures.de/extras/system/library/bootstrap/webfonts/fa-light-300.woff]
[kentures.de/extras/system/library/bootstrap/webfonts/fa-light-300.ttf]
[kentures.de/extras/system/library/bootstrap/webfonts/fa-regular-400.eot]
[kentures.de/extras/system/library/bootstrap/webfonts/fa-regular-400d41d.eot]
[kentures.de/extras/system/library/bootstrap/webfonts/fa-regular-400.woff]
[kentures.de/extras/system/library/bootstrap/webfonts/fa-regular-400.ttf]
[kentures.de/extras/system/library/bootstrap/webfonts/fa-solid-900.eot]
[kentures.de/extras/system/library/bootstrap/webfonts/fa-solid-900d41d.eot]
[kentures.de/extras/system/library/bootstrap/webfonts/fa-solid-900.woff]
[kentures.de/extras/system/library/bootstrap/webfonts/fa-solid-900.ttf]
[kentures.de/extras/system/library/bootstrap/css/font-awesome.min.css]
[kentures.de/extras/system/library/bootstrap/fonts/glyphicons-halflings-regular.eot]
[kentures.de/extras/system/library/bootstrap/fonts/glyphicons-halflings-regulard41d.eot]
[kentures.de/extras/system/library/bootstrap/fonts/glyphicons-halflings-regular.woff]
[kentures.de/extras/system/library/bootstrap/fonts/glyphicons-halflings-regular.ttf]
[kentures.de/extras/system/library/bootstrap/css/bootstrap.min.css]
[kentures.de/extras/system/template_list/template_v3/fonts_old/weblysleekuisb.ttf]
[kentures.de/extras/system/template_list/template_v3/fonts_old/glyphicons-halflings-regulard41d.eot]
[kentures.de/extras/system/template_list/template_v3/fonts_old/glyphicons-halflings-regular.woff]
[kentures.de/extras/system/template_list/template_v3/fonts_old/glyphicons-halflings-regular.ttf]
[kentures.de/extras/system/template_list/template_v3/images/sprite1.png]
[kentures.de/extras/system/template_list/template_v3/images/prev3.png]
[kentures.de/extras/system/template_list/template_v3/images/next3.png]
[kentures.de/extras/system/template_list/template_v3/images/flit1.jpg]
[kentures.de/extras/system/template_list/template_v3/images/flit2.jpg]
[kentures.de/extras/system/template_list/template_v3/images/flit3.jpg]
[kentures.de/extras/system/template_list/template_v3/images/srch.png]
[kentures.de/extras/system/template_list/template_v3/images/cross.png]
[kentures.de/extras/system/template_list/template_v3/images/prev.png]
[kentures.de/extras/system/template_list/template_v3/images/next.png]
[kentures.de/extras/system/template_list/template_v3/images/btn-book.png]
[kentures.de/extras/system/template_list/template_v3/images/hotelpref-ico.png]
[kentures.de/extras/system/template_list/template_v3/images/flight_seat.png]
[kentures.de/extras/system/template_list/template_v3/images/pattern1.png]
[kentures.de/extras/system/template_list/template_v3/images/hotel_aminities_2.png]
[kentures.de/extras/system/template_list/template_v3/images/flitsprite.png]
[kentures.de/extras/system/template_list/template_v3/images/tips.png]
[kentures.de/extras/system/template_list/template_v3/images/flight.png]
[kentures.de/extras/system/template_list/template_v3/images/cns.png]
[kentures.de/extras/system/template_list/template_v3/images/loadcity.png]
[kentures.de/extras/system/template_list/template_v3/images/bus.png]
[kentures.de/extras/system/template_list/template_v3/images/bus2.png]
[kentures.de/extras/system/template_list/template_v3/images/timing.png]
[kentures.de/extras/system/template_list/template_v3/images/deal.png]
[kentures.de/extras/system/template_list/template_v3/images/holiday_tree.png]
[kentures.de/extras/system/template_list/template_v3/images/tt_sprite_2018.png]
[kentures.de/extras/system/template_list/template_v3/images/image_loader.gif]
[kentures.de/extras/system/template_list/template_v3/images/ins_sprite.png]
[kentures.de/extras/system/template_list/template_v3/images/right-arr.png]
[kentures.de/extras/system/template_list/template_v3/images/left-arr.png]
[kentures.de/extras/system/template_list/template_v3/css/theme_style.css]
[kentures.de/extras/system/template_list/template_v1/images/flags.png]
[kentures.de/extras/system/template_list/template_v1/css/shared.css]
[kentures.de/extras/system/library/javascript/jquery-ui-1.11.2.custom/images/ui-bg_inset-soft_100_f4f0ec_1x100.png]
[kentures.de/extras/system/library/javascript/jquery-ui-1.11.2.custom/images/ui-bg_glass_70_ede4d4_1x400.png]
[kentures.de/extras/system/library/javascript/jquery-ui-1.11.2.custom/images/ui-bg_glass_100_f5f0e5_1x400.png]
[kentures.de/extras/system/library/javascript/jquery-ui-1.11.2.custom/images/ui-bg_highlight-hard_100_f4f0ec_1x100.png]
[kentures.de/extras/system/library/javascript/jquery-ui-1.11.2.custom/images/ui-bg_highlight-hard_75_f5f5b5_1x100.png]
[kentures.de/extras/system/library/javascript/jquery-ui-1.11.2.custom/images/ui-bg_highlight-hard_65_fee4bd_1x100.png]
[kentures.de/extras/system/library/javascript/jquery-ui-1.11.2.custom/images/ui-icons_c47a23_256x240.png]
[kentures.de/extras/system/library/javascript/jquery-ui-1.11.2.custom/images/ui-icons_ffffff_256x240.png]
[kentures.de/extras/system/library/javascript/jquery-ui-1.11.2.custom/images/ui-icons_f08000_256x240.png]
[kentures.de/extras/system/library/javascript/jquery-ui-1.11.2.custom/images/ui-icons_f35f07_256x240.png]
[kentures.de/extras/system/library/javascript/jquery-ui-1.11.2.custom/images/ui-icons_cb672b_256x240.png]
[kentures.de/extras/system/library/javascript/jquery-ui-1.11.2.custom/images/ui-icons_ff7519_256x240.png]
[kentures.de/extras/system/library/javascript/jquery-ui-1.11.2.custom/images/ui-bg_flat_75_aaaaaa_40x100.png]
[kentures.de/extras/system/library/javascript/jquery-ui-1.11.2.custom/jquery-ui.theme.min.css]
[kentures.de/extras/system/library/datetimepicker/jquery.datetimepicker.css]
[kentures.de/extras/system/library/javascript/jquery-ui-1.11.2.custom/jquery-ui.structure.min.css]
[kentures.de/extras/system/template_list/template_v1/css/backslider.css]
[kentures.de/extras/system/template_list/template_v1/css/owl.carousel.min.css]
[kentures.de/extras/system/template_list/template_v3/images/adult.png]
[kentures.de/extras/system/template_list/template_v3/images/children.png]
[kentures.de/extras/system/template_list/template_v3/images/infant.png]
[kentures.de/extras/system/template_list/template_v3/css/front_end.css]
[kentures.de/extras/system/template_list/template_v3/css/media.css]
[kentures.de/extras/system/template_list/template_v3/images/index.html]
[connect.facebook.net/en_US/sdk.js]
[kentures.de/index.php/terms-conditions.html]
[kentures.de/index.php/general/index/flights87d5.html]
[kentures.de/index.php/general/index/hotelsd498.html]
[kentures.de/index.php/general/index/holidays2c01.html]
[cdnjs.cloudflare.com/ajax/libs/select2/4.0.1/css/select2.min.css]
[kentures.de/extras/system/template_list/template_v1/javascript/initialize-carousel-detailspage.js]
[kentures.de/extras/system/template_list/template_v1/javascript/jquery.provabpopup.js]
[kentures.de/extras/system/template_list/template_v1/javascript/jquery.carouFredSel-6.2.1-packed.js]
[kentures.de/extras/custom/TMX5423931590666549/uploads/packages/1174_Package_Image_Alchi.jpg]
[kentures.de/extras/system/template_list/template_v3/javascript/page_resource/jquery.scrolling-tabs.js]
[kentures.de/index.php/tours/details/139.html]
[kentures.de/extras/custom/TMX5423931590666549/uploads/packages/Singapore-Night-Wallpaper.jpg]
[kentures.de/index.php/tours/details/142.html]
[kentures.de/extras/custom/TMX5423931590666549/uploads/packages/71887_1680_948.jpg]
[kentures.de/index.php/tours/details/145.html]
[kentures.de/extras/custom/TMX5423931590666549/uploads/packages/novotel-phuket-thailand.jpg]
[kentures.de/index.php/tours/details/146.html]
[kentures.de/extras/custom/TMX5423931590666549/uploads/packages/ub-city-mall-bangalore.jpg]
[kentures.de/index.php/tours/details/147.html]
[kentures.de/extras/custom/TMX5423931590666549/uploads/packages/traveller-1527686309detail_gal_6.jpg]
[kentures.de/index.php/tours/details/201.html]
[kentures.de/extras/custom/TMX5423931590666549/uploads/packages/traveller-15611227031d401b15-3717-416a-a05d-67fe2b7fb131 - Copy.jpg]
[kentures.de/extras/custom/TMX5423931590666549/uploads/packages/traveller-1561122703summer-flowers-wallpapers.jpg]
[kentures.de/extras/custom/TMX5423931590666549/uploads/packages/traveller-1561122703unnamed.jpg]
[kentures.de/extras/custom/TMX5423931590666549/uploads/packages/traveller-1561122781Penguins.jpg]
[kentures.de/index.php/tours/details/209.html]
[kentures.de/extras/custom/TMX5423931590666549/uploads/packages/traveller-1561541933unnamed (8).jpg]
[kentures.de/extras/custom/TMX5423931590666549/uploads/packages/traveller-1561541933unnamed (9).jpg]
[kentures.de/extras/custom/TMX5423931590666549/uploads/packages/traveller-1561541933unnamed (10).jpg]
[kentures.de/extras/custom/TMX5423931590666549/uploads/packages/traveller-1561542426unnamed (15).jpg]
[kentures.de/index.php/tours/details/210.html]
[kentures.de/index.php/contact-us.html]
[kentures.de/index.php/company.html]
[kentures.de/index.php/testimonials.html]
[kentures.de/index.php/report/print_voucher.html]
[kentures.de/index.php/privacy-policy.html]
[kentures.de/index.php/user-agreement.html]
[kentures.de/extras/system/library/bootstrap/webfonts/fa-brands-400.html]
[kentures.de/extras/system/library/bootstrap/webfonts/fa-brands-400.svg]
[kentures.de/extras/system/library/bootstrap/webfonts/fa-light-300.html]
[kentures.de/extras/system/library/bootstrap/webfonts/fa-light-300.svg]
[kentures.de/extras/system/library/bootstrap/webfonts/fa-regular-400.html]
[kentures.de/extras/system/library/bootstrap/webfonts/fa-regular-400.svg]
[kentures.de/extras/system/library/bootstrap/webfonts/fa-solid-900.html]
[kentures.de/extras/system/library/bootstrap/webfonts/fa-solid-900.svg]
[kentures.de/extras/system/library/bootstrap/fonts/glyphicons-halflings-regular.html]
[kentures.de/extras/system/library/bootstrap/fonts/glyphicons-halflings-regular.svg]
[kentures.de/extras/system/template_list/template_v3/fonts_old/glyphicons-halflings-regular.html]
[kentures.de/extras/system/template_list/template_v3/fonts_old/glyphicons-halflings-regular.svg]
[kentures.de/extras/system/template_list/template_v3/css/page_resource/jquery.scrolling-tabs.css]
[kentures.de/extras/system/template_list/template_v1/fonts/OpenSans-Regular-webfont.eot]
[kentures.de/extras/system/template_list/template_v1/fonts/OpenSans-Regular-webfontd41d.eot]
[kentures.de/extras/system/template_list/template_v1/fonts/OpenSans-Regular-webfont.woff]
[kentures.de/extras/system/template_list/template_v1/fonts/OpenSans-Regular-webfont.ttf]
[kentures.de/extras/system/template_list/template_v1/images/check.png]
[kentures.de/extras/system/template_list/template_v1/images/children.png]
[kentures.de/extras/system/template_list/template_v1/images/adult.png]
[kentures.de/extras/system/template_list/template_v1/images/loader.gif]
[a1.muscache.com/airbnb/static/manage_listing/address/empty-map-848e847187c20eb3a702cd064db0626b.png]
[a1.muscache.com/airbnb/static/manage_listing/address/map-pin-unset-moving-7511ad170bc9ca2d7a0f29f04f4320d2.png]
[kentures.de/extras/system/template_list/template_v1/css/custom_tour.css]
[kentures.de/extras/system/template_list/template_v3/images/departure.png]
[kentures.de/extras/system/template_list/template_v3/css/custom_sky.css]
[kentures.de/extras/custom/TMX5423931590666549/uploads/packages/traveller-15611227031d401b15-3717-416a-a05d-67fe2b7fb131 - Copy.jpg]
[kentures.de/extras/custom/TMX5423931590666549/uploads/packages/traveller-1561122781Penguins.jpg]
[kentures.de/extras/custom/TMX5423931590666549/uploads/packages/traveller-1561541933unnamed (8).jpg]
[kentures.de/extras/custom/TMX5423931590666549/uploads/packages/traveller-1561541933unnamed (9).jpg]
[kentures.de/extras/system/template_list/template_v1/fonts/OpenSans-Regular-webfont.svg]
[kentures.de/extras/system/template_list/template_v3/images/abt.html]
[kentures.de/extras/system/template_list/template_v3/images/abtbak.html]
[kentures.de/extras/system/template_list/template_v3/images/radio-off.html]
[kentures.de/extras/system/template_list/template_v3/images/check-off.html]
[kentures.de/extras/system/template_list/template_v3/images/check-on.html]
[kentures.de/extras/system/template_list/template_v3/images/radio-on.html]
[kentures.de/extras/system/template_list/template_v1/img/nav-bg.html]
[kentures.de/extras/system/template_list/template_v1/images/bg-hover.html]
[kentures.de/extras/system/template_list/template_v1/images/back.html]
[kentures.de/extras/system/template_list/template_v1/images/forward.html]
[kentures.de/extras/system/template_list/template_v1/images/nav-dot.html]
[kentures.de/extras/system/template_list/template_v1/images/progress-back.html]
[kentures.de/extras/system/template_list/template_v1/images/progress-bar.html]
[kentures.de/extras/system/template_list/template_v1/images/bg-black.html]
[kentures.de/extras/system/template_list/template_v1/images/thumb-back.html]
[kentures.de/extras/system/template_list/template_v1/images/thumb-forward.html]
[kentures.de/extras/system/template_list/template_v1/css/grabbing.html]
[kentures.de/extras/system/template_list/template_v1/css/AjaxLoader.html]
[kentures.de/extras/system/template_list/template_v3/fonts/OpenSans-Regular-webfont.html]
[kentures.de/extras/system/template_list/template_v3/fonts/OpenSans-Regular-webfontd41d.html]
[kentures.de/extras/system/template_list/template_v3/fonts/OpenSans-Regular-webfont-2.html]
[kentures.de/extras/system/template_list/template_v3/fonts/OpenSans-Regular-webfont-3.html]
[kentures.de/extras/system/template_list/template_v3/fonts/OpenSans-Regular-webfont-4.html]
[kentures.de/extras/system/template_list/template_v3/images/cal.html]
[kentures.de/extras/system/template_list/template_v3/images/map.html]
[kentures.de/extras/system/template_list/template_v3/images/room.html]
[kentures.de/extras/system/template_list/template_v3/images/down.html]
[kentures.de/extras/system/template_list/template_v1/fonts/Raleway-Medium.html]
[kentures.de/extras/system/template_list/template_v1/fonts/Raleway-Mediumd41d.html]
[kentures.de/extras/system/template_list/template_v1/fonts/Raleway-Medium-2.html]
[kentures.de/extras/system/template_list/template_v1/fonts/Raleway-Medium-3.html]
[kentures.de/extras/system/template_list/template_v1/fonts/Raleway-Medium-4.html]
[kentures.de/extras/system/template_list/template_v1/fonts/Oswald-Regular.html]
[kentures.de/extras/system/template_list/template_v1/fonts/Oswald-Regulard41d.html]
[kentures.de/extras/system/template_list/template_v1/fonts/Oswald-Regular-2.html]
[kentures.de/extras/system/template_list/template_v1/fonts/Oswald-Regular-3.html]
[kentures.de/extras/system/template_list/template_v1/fonts/Oswald-Regular-4.html]
[kentures.de/extras/system/template_list/template_v1/images/pagedivide.html]
[kentures.de/extras/system/template_list/template_v1/images/carett.html]
[kentures.de/extras/system/template_list/template_v1/rs-plugin/assets/slider-bg.html]
[kentures.de/extras/system/template_list/template_v1/images/bg.html]
[kentures.de/extras/system/template_list/template_v1/images/sprite.html]
[kentures.de/extras/system/template_list/template_v1/images/btn-plus.html]
[kentures.de/extras/system/template_list/template_v1/images/btn-plus-over.html]
[kentures.de/extras/system/template_list/template_v1/images/btn-book.html]
[kentures.de/extras/system/template_list/template_v1/images/grid-icon.html]
[kentures.de/extras/system/template_list/template_v1/images/li.html]
[kentures.de/extras/system/template_list/template_v1/images/li2.html]
[kentures.de/extras/system/template_list/template_v1/images/arrow.html]
[kentures.de/extras/system/template_list/template_v1/images/select.html]
[kentures.de/extras/system/template_list/template_v1/images/select-intro.html]
[kentures.de/extras/system/template_list/template_v1/images/select-over.html]
[kentures.de/extras/system/template_list/template_v1/images/calendar.html]
[kentures.de/extras/system/template_list/template_v1/images/calendar2.html]
[kentures.de/extras/system/template_list/template_v1/images/slider/couple.html]
[kentures.de/extras/system/template_list/template_v1/images/tip-arrow.html]
[kentures.de/extras/system/template_list/template_v1/images/breadcrumb.html]
[kentures.de/extras/system/template_list/template_v1/images/home-icon.html]
[kentures.de/extras/system/template_list/template_v1/images/back-icon.html]
[kentures.de/extras/system/template_list/template_v1/images/fav-book-icons.html]
[kentures.de/extras/system/template_list/template_v1/images/collapsearrow.html]
[kentures.de/extras/system/template_list/template_v1/images/arrows.html]
[kentures.de/extras/system/template_list/template_v1/images/hotelpref-ico.html]
[kentures.de/extras/system/template_list/template_v1/images/hotelpref-ico-green.html]
[kentures.de/extras/system/template_list/template_v1/images/icon-quote.html]
[kentures.de/extras/system/template_list/template_v1/images/icon-phone.html]
[kentures.de/extras/system/template_list/template_v1/images/icon-location.html]
[kentures.de/extras/system/template_list/template_v1/images/lock.html]
[kentures.de/extras/system/template_list/template_v1/images/circle.html]
[kentures.de/extras/system/template_list/template_v1/images/login-bg.html]
[kentures.de/extras/system/template_list/template_v1/images/login-blue.html]
[kentures.de/extras/system/template_list/template_v1/images/login-home.html]
[kentures.de/extras/system/template_list/template_v1/images/profile-icons.html]
[kentures.de/extras/system/template_list/template_v1/images/about-arrow.html]
[kentures.de/extras/system/template_list/template_v1/images/socials.html]
[kentures.de/extras/system/template_list/template_v1/images/hmicon.html]
[kentures.de/extras/system/template_list/template_v1/images/psn.html]
[kentures.de/extras/system/template_list/template_v1/images/hmiconwt.html]
[kentures.de/extras/system/template_list/template_v1/images/mark.html]
[kentures.de/extras/system/template_list/template_v1/images/cal.html]
[kentures.de/extras/system/template_list/template_v1/images/chi.html]
[kentures.de/extras/system/template_list/template_v1/images/sel.html]
[kentures.de/extras/system/template_list/template_v1/images/prev2.html]
[kentures.de/extras/system/template_list/template_v1/images/next2.html]
[kentures.de/extras/system/template_list/template_v1/images/rep.html]
[kentures.de/extras/system/template_list/template_v1/images/helpback.html]
[kentures.de/extras/system/template_list/template_v1/images/helpsrch.html]
[kentures.de/extras/system/template_list/template_v1/images/Preloader.html]
[kentures.de/extras/system/template_list/template_v1/images/group.html]
[kentures.de/extras/system/template_list/template_v1/images/mapmark.html]
[kentures.de/extras/system/template_list/template_v1/images/pro.html]
[kentures.de/extras/system/template_list/template_v1/images/btn-plus1.html]
[kentures.de/extras/system/template_list/template_v1/images/tik.html]
[kentures.de/extras/system/template_list/template_v1/images/listlib.html]
[kentures.de/extras/system/template_list/template_v1/images/upatow.html]
[kentures.de/extras/system/template_list/template_v1/images/strd.html]
[kentures.de/extras/system/template_list/template_v1/images/strdno.html]
[kentures.de/extras/system/template_list/template_v1/images/map.html]
[kentures.de/extras/system/template_list/template_v1/images/cat.html]
[kentures.de/extras/system/template_list/images/tip-arrow.html]
[kentures.de/extras/system/template_list/template_v1/images/infant.html]
[kentures.de/extras/system/template_list/template_v1/images/arrow2.html]
[kentures.de/extras/system/template_list/template_v1/images/rrtip.html]
[kentures.de/extras/system/template_list/template_v1/images/re.html]
[kentures.de/extras/system/template_list/template_v1/images/sstik.html]
[kentures.de/extras/system/template_list/template_v1/images/noo.html]
[kentures.de/extras/system/template_list/template_v1/images/secconfirm.html]
[kentures.de/extras/system/template_list/template_v1/images/clock.html]
[kentures.de/extras/system/template_list/template_v1/images/room.html]
[kentures.de/extras/system/template_list/template_v1/images/chatip.html]
[kentures.de/extras/system/template_list/template_v1/images/chatip2.html]
[kentures.de/extras/system/template_list/template_v1/images/arow.html]
[kentures.de/extras/system/template_list/template_v1/images/bookingicon.html]
[kentures.de/extras/system/template_list/template_v1/images/ttip.html]
[kentures.de/extras/system/template_list/template_v1/images/carettt.html]
[kentures.de/extras/system/template_list/template_v1/images/pct.html]
[kentures.de/extras/system/template_list/template_v1/images/cartarow.html]
[kentures.de/extras/system/template_list/template_v1/images/cartico.html]
[kentures.de/extras/system/template_list/template_v1/images/btn-book-nill.html]
[kentures.de/extras/system/template_list/template_v1/images/timer.html]
[kentures.de/extras/system/template_list/template_v1/images/from.html]
[kentures.de/extras/system/template_list/template_v1/images/too.html]
[kentures.de/extras/system/template_list/template_v1/images/sel2.html]
[kentures.de/extras/system/template_list/template_v1/images/stip.html]
[kentures.de/extras/system/template_list/template_v1/images/card.html]
[kentures.de/extras/system/template_list/template_v1/images/card2.html]
[kentures.de/extras/system/template_list/template_v1/images/cartloader.html]
[kentures.de/extras/system/template_list/template_v1/images/upnd.html]
[kentures.de/extras/system/template_list/template_v1/images/upnd1.html]
[kentures.de/extras/system/template_list/template_v1/images/upnd2.html]
[kentures.de/extras/system/template_list/template_v1/images/dnonly.html]
[kentures.de/extras/system/template_list/template_v1/images/upp.html]
[kentures.de/extras/system/template_list/template_v1/images/tips.html]
[kentures.de/extras/system/template_list/template_v1/images/ttipp.html]
[kentures.de/extras/system/template_list/template_v1/images/pick.html]
[kentures.de/extras/system/template_list/template_v1/images/scar.html]
[kentures.de/extras/system/template_list/template_v1/images/remove.html]
[kentures.de/extras/system/template_list/template_v1/images/pick2.html]
[kentures.de/extras/system/template_list/template_v1/images/pick3.html]
[kentures.de/extras/system/template_list/template_v1/images/deposit.html]
[kentures.de/extras/system/template_list/template_v1/images/deposit1.html]
[kentures.de/extras/system/template_list/template_v1/images/deposit2.html]
[kentures.de/extras/system/template_list/template_v1/images/holitip.html]
[kentures.de/extras/system/template_list/template_v1/images/hotel_aminities.html]
[kentures.de/extras/system/template_list/template_v1/images/change.html]
[kentures.de/extras/system/template_list/template_v1/images/departure.html]
[kentures.de/extras/system/template_list/template_v1/images/arrival.html]
[kentures.de/extras/system/template_list/template_v1/images/pnc.html]
[kentures.de/extras/system/template_list/template_v1/images/lin.html]
[kentures.de/extras/system/template_list/template_v1/images/loc.html]
[kentures.de/extras/system/template_list/template_v1/images/smtip.html]
[kentures.de/extras/system/template_list/template_v1/images/vall.html]
[kentures.de/extras/system/template_list/template_v1/images/filter.html]
[kentures.de/extras/system/template_list/template_v3/fonts/Oswald-Bold.html]
[kentures.de/extras/system/template_list/template_v3/fonts/Oswald-Boldd41d.html]
[kentures.de/extras/system/template_list/template_v3/fonts/Oswald-Bold-2.html]
[kentures.de/extras/system/template_list/template_v3/fonts/Oswald-Bold-3.html]
[kentures.de/extras/system/template_list/template_v3/fonts/Oswald-Bold-4.html]
[kentures.de/extras/system/template_list/template_v3/fonts/Raleway-Medium.html]
[kentures.de/extras/system/template_list/template_v3/fonts/Raleway-Mediumd41d.html]
[kentures.de/extras/system/template_list/template_v3/fonts/Raleway-Medium-2.html]
[kentures.de/extras/system/template_list/template_v3/fonts/Raleway-Medium-3.html]
[kentures.de/extras/system/template_list/template_v3/fonts/Raleway-Medium-4.html]
[kentures.de/extras/system/template_list/template_v3/images/menuiconhover.html]
[kentures.de/extras/system/template_list/template_v3/images/icon.html]
[kentures.de/extras/system/template_list/template_v3/images/smtip.html]
[kentures.de/extras/system/template_list/template_v3/images/ofr.html]
[kentures.de/extras/system/template_list/template_v3/images/prev2.html]
[kentures.de/extras/system/template_list/template_v3/images/next2.html]
[kentures.de/extras/system/template_list/template_v3/images/from.html]
[kentures.de/extras/system/template_list/template_v3/images/too.html]
[kentures.de/extras/system/template_list/template_v3/images/top.html]
[kentures.de/extras/system/template_list/template_v3/images/arrow.html]
[kentures.de/extras/system/template_list/template_v3/images/collapsearrow.html]
[kentures.de/extras/system/template_list/template_v3/images/li.html]
[kentures.de/extras/system/template_list/template_v3/images/rep.html]
[kentures.de/extras/system/template_list/template_v3/images/cat.html]
[kentures.de/extras/system/template_list/template_v3/images/zinga_banner.html]
[kentures.de/extras/system/template_list/template_v3/images/b3.html]
[kentures.de/extras/system/template_list/template_v3/images/b11.html]
[kentures.de/extras/system/template_list/template_v3/images/b12.html]
[kentures.de/extras/system/template_list/template_v3/images/b15.html]
[kentures.de/extras/system/template_list/template_v3/images/b20.html]
[kentures.de/extras/system/template_list/template_v3/images/trans.html]
[kentures.de/extras/system/template_list/template_v3/images/arrival.html]
[kentures.de/extras/system/template_list/template_v3/images/support.html]
[kentures.de/extras/system/template_list/template_v3/images/fadeback.html]
[kentures.de/extras/system/template_list/template_v3/images/sel.html]
[kentures.de/extras/system/template_list/assets/images/email-bg.html]
